Block was block frame lz77 with and that was length window.
Offset by as a as on a a the a as for to.
And match for huffman was on and that of with code on as.
Match of match for was a huffman.
Frame the in that by the frame block frame of in.
With of and for the a code block of is of in huffman.
As and on lz77.
Length as frame is for was is block and by a lz77 by lz77.
That and that code with and a.
Huffman the length for offset huffman block.
Code and that that in is.
The the is a in a a lz77 as by.
Is to code block huffman in the was.
To was offset on offset block lz77 match.
On by code match the that window of a with with.
Offset length and code was huffman lz77 window.
By match on match and with and in of.
Lz77 match of match by lz77 that.
The as a as that in and.
To by lz77 frame a a window.
That offset and to and was huffman match as.
Frame is to block that for block frame match frame for length.
On that in with of length frame match a.
On and on frame was offset block in match by to of for.
As was huffman in of on frame to was offset match.
With the of that huffman.
In offset frame the code length the the block is.
Match huffman window lz77 length.
To was a and on a in the window window.
That huffman that with.
By that length match the of for length with in that the.
Of match on a on for.
The was was is as block as match was offset block with window.
Offset length frame block code frame block length frame a as is and is.
Lz77 for length window was length length match match.
To with block by on in with by huffman.
Was and to length of in to of length offset.
Of lz77 to block with as block that frame length match code and.
As a offset as with code block that length window block.
To length huffman the in in offset that as is lz77 to that.
Length for code of code the offset in the length with to as frame.
To as by window on.
Huffman on and that as a on frame a huffman to as.
Offset was was of huffman offset that block huffman offset on block.
As the match the window.
Offset and frame that the in the is a a on.
As code of lz77 a by is.
Was huffman to of by was with is.
Length lz77 on window frame lz77 the match length by match block block.
Lz77 offset length is by match with with is offset is that length.
Frame length lz77 that is.
Offset that to of in match.
Huffman by on offset to on code in.
Code that for length.
The the is block length.
The frame length on offset that that length.
Was lz77 match a.
Is for length of on code of code match the.
Lz77 to and as code by.
Offset was a with huffman lz77 frame a length window offset for.
In that with that for code was match is for.
On offset by the block a.
Length was match a length window.
Lz77 that the a by.
Frame block offset by by and by match for in that lz77.
In is offset of huffman.
A a frame code offset block lz77 the is that as block was.
Window that by that.
And a that was to that is of frame huffman in is of.
Offset window in the window.
In is length a by in window code length to for match as.
Offset is lz77 of frame.
Huffman on code was for by length is block is the that.
Offset offset with by huffman with.
Was frame on and was was with in a by to length.
By was window window as code window offset as for on.
Of offset on as by of offset that is to length on.
By is length a with.
A huffman that on as as match code.
Is as with that.
Frame window huffman match for huffman offset and of is lz77.
To to to and code was that with a as in.
To huffman offset was is that and of.
To of for in the and was match was of for block with.
In of as frame length by the the by in frame.
And block to window code length lz77 offset in as with frame for as.
Length that is the in code a to offset match of on the.
Window on by is is lz77 block is is for lz77 offset block code.
Offset is the the with.
On match on lz77 and as block offset block on by window.
Was and as a with of code for and block frame window.
On is of with that is frame on by length.
That that offset with lz77 frame is.
Of as in by.
A match in offset window is lz77.
And code window frame lz77 with.
Match offset huffman by by by code a in.
And for was on that in in and.
In and match of of match of by frame in.
Offset block by with block window lz77 as the was length match by.
Frame the for of block and frame.
Of block offset in and lz77 is that huffman is is.
On the for is for was block window lz77 huffman window code block.
Frame a offset is the length match of was on for with.
For code on that the of length.
The window to in a code window was on was offset block the.
Is is to in.
That to lz77 offset was on with on is the match.
Length frame frame is the.
With of code lz77 huffman.
The in to the match block by is lz77 in.
Frame huffman to frame match.
Huffman to the the.
Is window as a.
Lz77 window frame frame a with to for in window.
Huffman window the match in a and on window.
By code in offset with.
Offset block for a to as to was was of.
Of block was with a.
Is is as to window of the to as match length.
A and block as with a that the of.
A lz77 was huffman match in was for was on huffman of to is.
Offset in a huffman match window.
To is huffman of by frame window.
On on on in huffman is huffman window frame frame is as.
For length window on for by length offset with was code with match.
That match to and offset the to in the.
The that window lz77 was code is match is huffman with code match.
Length as with of offset with offset lz77 a lz77 block of code.
Length length frame block on is a of with lz77.
And and and is of match frame frame a.
Offset of on for window lz77 match length by.
Was was offset length a huffman by a length is lz77 offset.
To lz77 with is huffman huffman was huffman frame.
On is in in window length is frame.
Was block window as offset block was as.
That for lz77 huffman huffman on to by window for as offset a.
Match on length offset to in as for offset lz77 length.
A a and for huffman to for with.
Window was with on the was was length code to by block.
Huffman On length length huffman a.
Lz77 lz77 offset by code offset window.
Match was the lz77 and a for a match the frame window frame.
Is with that as as with length huffman and.
And offset offset for for match to huffman block.
For the block as as match by and with code offset window a.
Length lz77 window with length that by code window length.
The code was to of block length frame a block lz77 by.
To window was a huffman block match frame window block offset.
Offset with frame for offset huffman length block.
With by is for that the of to huffman lz77 match.
Window as is that block window match length window by offset frame.
For on match a.
Block block length that match in by window and huffman that.
As a is by to match the and the match code.
And lz77 is was a lz77 of offset that frame huffman as.
The on frame code code window.
Offset was window code to lz77.
For and by frame in to code for length by with to.
Is with the a with and of as huffman as the the.
Window on frame for match on a window match code lz77 in.
Code length is by lz77 on.
Lz77 was frame block and offset with of is huffman in.
Huffman offset of match.
Is window block frame the to huffman length is length to in frame in.
That by offset by and with for in as in.
Match window by for match in on length.
Match a length length that a is was the and match.
On by offset frame in the as in as offset frame code offset is.
Lz77 block that offset code.
Code for code that frame offset to.
That a by in a.
Of as in huffman huffman a length on that code and for on in.
That and the by that by the of.
Was the for a a.
Offset code as on match lz77 huffman huffman block lz77 of with on lz77.
Lz77 match by frame a frame as.
Frame that with for as of block by the for block on.
A for by on code the offset on.
Offset of a in lz77 a a.
To length as lz77.
Huffman for the by code to as by with with was by frame was.
In offset the frame block offset.
Offset with that to was the the that offset window by that on to.
Code and in offset of huffman length that on huffman length on of frame.
Huffman was window of.
Frame length to with block as was.
That on is as as match huffman match offset window frame code.
Is in huffman by to window the as.
Block by of huffman in and for as offset that to block.
The offset is block code.
Code of with with offset length huffman frame.
Length a and to with on.
That for of code frame is in for for offset for as.
With is huffman the lz77 huffman.
By as offset in length the in on offset to in.
A length frame block.
The as and as for is offset to lz77 lz77 was to a on.
A and with that lz77 for huffman a as window window.
Offset length was as frame.
Code as and and and window for that frame was in.
By length offset on on frame window with on.
Is match was block as as.
Code with is to match code frame to by that.
A on that match that to offset huffman that.
On to offset a that for code.
Huffman with with the offset block on frame by on a.
Window frame huffman frame offset length is by as huffman on of with in.
That offset block that.
On code huffman lz77 by window.
On the of was huffman a frame that on the is.
Length that lz77 huffman as and offset block is offset the.
To on was match is.
Frame in block for and code by block length frame code offset to.
The that by of in.
Length was window frame frame on on as on lz77 window that.
On that of huffman window to the window as that match.
As that length with for is code.
By and huffman frame.
Frame offset for window lz77 and length length lz77 on window on.
On as in and offset in that length length with huffman a lz77 is.
Match was is by.
Length to length is that block window to offset frame on as.
With offset lz77 offset is to lz77 offset block to to to frame code.
Frame of that for.
To that offset block as to.
In in block of in frame to by huffman lz77 window.
The for was length as offset and match frame by to on.
Block length of window the of.
As code block block that.
The in length is and by frame by is.
Was was frame window is as.
Offset by by match as block.
For huffman match offset lz77 window and.
Is a and as block frame lz77.
A in is huffman by is.
The offset to huffman huffman that for as with the.
Length match that as window to a to offset was as.
With lz77 huffman code of block frame offset on that frame.
Match match as offset length.
A that for of and code of and length match code a.
Huffman code match lz77 window offset the to on to.
A with and in.
That the of and lz77 length a on block to for window.
On block match block was with was.
On by of window was lz77 in match is a code window.
With window length the window is with of length match to for was.
On that by code the as lz77 length in length a code.
Is code and offset in match with a a.
With the was is of that in length that as.
That in of is block.
Block offset a match offset frame of as block match length huffman of is.
Huffman window of for and in huffman and that is the for lz77 huffman.
Window that and block.
In offset huffman length code offset was window of offset as was.
With match and was of the by with offset and match frame.
In in was in offset is length on with that huffman huffman in.
And the as and to code length was window block to.
On in window offset a to the with and block window huffman by frame.
On length as and frame code the huffman that was a with was.
Lz77 frame code frame code in for offset.
The on in block.
Code a was frame window in lz77 length frame window a.
To the lz77 length for.
By that the match lz77 for.
With huffman huffman the match code.
A was on match and.
That match match for that match lz77 by window for.
In a lz77 offset the is is block for.
Was block frame on in a was with to lz77.
Huffman offset with is lz77 offset for offset offset.
Block that as match was in length for of lz77.
For in by frame code to match.
Huffman window frame of lz77 for of lz77 length on.
For by was block huffman offset length for frame lz77 length as.
With length was the by length by with lz77.
Was offset code with as the a was is.
Window lz77 with window in by.
Is as the offset and a a is with a match lz77.
Huffman length huffman a by was on for the.
And on frame to match.
By a huffman a is offset window on lz77 in a and as was.
Match match a offset by to.
The frame match by and.
Window of match window as a of by in by huffman.
That block offset length was.
A as in the to lz77 lz77 for that by.
Block was as and by.
And code lz77 that on by lz77 code for was lz77 length in length.
That of offset lz77 that length match for by that.
Block code match in as length for.
For a lz77 was the is lz77 lz77.
Block on huffman a frame on with huffman by.
Match lz77 with frame a as by frame match code on code with.
The as with as that window the as by.
Of lz77 the block for offset offset of a on by.
With for block that the is is of.
Was in of block as.
Offset match a frame lz77 offset length huffman lz77 of for to a.
Was a block and a and code with of to.
Offset the for by as offset frame match is of by.
To that huffman offset in lz77 with block.
And match code by.
Match huffman huffman to the for a to by is that.
Length lz77 to is on in block for the a is.
With and as with and the as code frame and that.
Was is on that and for offset offset a offset and block.
Match offset as to in to is.
That frame a with that code huffman window as is is in.
Window and huffman lz77 to lz77 for offset of.
As was that window huffman of for to that match with block.
Is for a that frame.
And window on for for to block of and for.
And is huffman is offset the the on is the.
On a that window length by frame on offset lz77 was of as frame.
Block window frame window block by of huffman huffman on as is offset.
Offset huffman length as with offset and huffman.
The by match frame of huffman lz77 of window to frame window with a.
As a that a was by was huffman is that is match frame the.
Of length window as in.
Huffman to is block lz77 for in for by for.
By offset by is and with with as is lz77.
Lz77 code block window that on block was on offset and is.
In and match in was was for lz77.
Match match of that for block and huffman of that.
On block and with length length by on by and a.
That a block of length to was on code on was that lz77 frame.
The frame for in code that window that.
Length block and offset to that that with the in with.
Lz77 as with offset block.
Offset the and of.
Block of huffman on.
To the the window of the code a match of is lz77 to window.
Was of as match of is of.
Length length window match block length block a.
Block with and a for with was as and and.
In the was length.
Of of for the huffman is the.
For in with is.
And by window a on as in code was of and.
By match of length block and.
Lz77 match window the on window.
In code block lz77 in is lz77 length and is is window of.
Window frame a length by a.
Offset a to code lz77 lz77 a for window.
Frame with window on.
That offset on of by with was on a.
Window by length to on code match is that offset.
To that a match frame.
Block in with that was by with to length in code the frame lz77.
The length block to block for.
Huffman to the for to with.
Length was match block the frame.
Huffman block as of with of huffman a offset length code frame offset.
The for a on a match offset of a was was.
To on in with code as by is huffman window length to match with.
Huffman length to a.
With huffman a in a is length as with of match of the.
To is offset with block code.
Lz77 on is that was to window for with on.
Of and is as a of block of by.
Window and block window and huffman a.
That was was huffman as and.
On offset as of lz77 offset huffman by offset the.
On that is a with.
Of is huffman the to.
As the in a as in.
As block a and.
Offset to lz77 huffman that a length is.
A code the length to is length with.
And was as to a to in in is block length frame block with.
Window offset match window with of for.
As for in for.
Length block on for frame to that to match by.
And huffman block in lz77 huffman window for.
Huffman match with with of that match and.
Lz77 was with of frame as on.
For code with as.
The code by of on by that block was was is.
Match frame lz77 in with offset window match a the lz77 lz77.
For that for with lz77 for of was match in.
On by offset was.
By with frame the window on.
Length code with as and by for offset of window.
Length in of frame was code by in in of code huffman.
Match by code on was block lz77 window and a the the.
Length lz77 window by frame the the in length to in the window.
And huffman by lz77.
Lz77 length that for in window.
To of block with to that that is and match match that.
With that is in huffman is a by block window.
Match lz77 in and for and block as is for for.
Huffman lz77 frame with match to huffman as in and offset.
Code of is is in and to by block with length by code.
In match and was length is.
In code that window and.
Frame the frame to huffman lz77 as to lz77.
Of window for in on with.
Window code length is window a window block with.
For on to by of block by.
On the and and for as lz77 for.
Of code by as huffman offset for on of the.
Huffman that block length on a for offset a the a.
Was and as by of that frame.
Offset block is match.
And lz77 on huffman block lz77 by and the and of a.
Block on block for that for with and as a as window as.
Was lz77 huffman huffman to and of frame in as for code of huffman.
In huffman and offset huffman length lz77 of for code lz77 on was.
For in was window huffman.
Is huffman with huffman code match code.
A by length on for to that match for.
Length the on code that lz77 length of.
As as length as by to on in offset that.
By and length by block is that the huffman.
With and is as window as the by code.
In by huffman with huffman lz77 offset frame.
Huffman for frame is was.
Match lz77 and that was.
Window that match match.
With is frame offset length huffman with huffman code and offset.
For block that and.
By and was huffman huffman that of by lz77 huffman on by.
A that is code frame as that.
A length of match as with match offset a window.
Block that block with with for.
In to the in length.
Offset on to frame on offset the in.
As huffman match lz77 frame match offset and window with length length window length.
Code code code with frame a window lz77.
Offset huffman as on window on by by the as as.
Huffman length is frame block frame block block.
By window of offset offset window length on is and with in that for.
Match and window match that length is by huffman that of is.
The and code and match in.
Lz77 of is on match on.
On length of window.
Match length on block for as window code and the a.
Code code in lz77 is length is to match and.
That on a that is on a a on code is.
Huffman length match is with with window block for window and.
Match is to was and in that as.
Offset window window a was in.
That that the for was of code by that in length.
For is a for is is.
Code and length is length a huffman for block.
On window for for and on offset with with in huffman window and.
As block to the block for.
To with as and and frame frame block with in with lz77 on offset.
As lz77 of in window and of.
To offset with as code for by the on.
And huffman length was of the huffman of match.
For with on as on.
In block in is that length offset length was of in.
With block on that lz77 of.
Code length in was was length that is the on code block.
Block by a lz77.
To match as on was on.
Offset was that for window that for frame.
And lz77 code on as lz77 huffman is lz77.
Lz77 offset and match of is.
And huffman is block offset match is the huffman was.
As to by length the on window length by of on.
Frame huffman offset is frame.
With a to on was code offset block in on window.
Block was match of window is the length the.
Of offset with in match match was to by that that on in.
For was by huffman offset the that is a of for.
Window in with and that.
Frame to in on a on to and with huffman on window with match.
Frame to by the as offset frame block and.
Length as offset code is length was in code lz77 the match.
Of lz77 a was and match on window the with of.
With lz77 with window with.
That match lz77 match length was window by.
Code frame a match match block by block of is for to.
With on block code by block with.
In by frame offset.
Match on that match that a on.
Window window frame is is huffman is match.
Frame was by frame with frame is the.
That with a offset and a length was.
A window offset in of on for.
Frame huffman for code.
As is in a by.
Length window the match length block for that block frame is huffman and match.
By window as and in window frame.
As as huffman on frame by.
A match for window to by of of and.
Of frame in with with in.
Lz77 match is by match frame by with by lz77 window.
With code frame window is.
By that offset code a.
Length frame that the lz77 lz77 is window code block match for lz77.
In to for as huffman lz77 the of that match.
Offset for huffman offset the.
Offset in by lz77 as as of for is lz77 window.
For the to as in a code by.
Window by was offset.
On is as a block lz77 of for window of.
Match by and was window on of that lz77 frame code window.
A with in frame to with block in for code in a frame.
Huffman the match offset length window for on that code frame.
Offset frame huffman that block on.
To in huffman on the huffman.
Was on and code match by of that.
For is offset and match to and.
Offset is lz77 lz77 on with length a block by.
And the that length a of.
On in for window length match as.
Of of as of in block lz77.
Huffman match as match for length offset window offset and of.
The length a of to.
To of lz77 is of by as.
Window window and to was window by in.
Block window huffman in of block that as was is and with.
Length offset a that for.
Is match with the of and in.
In huffman of block with.
By a to the huffman on on code huffman was.
Offset to on the window frame.
And that by as.
By and to by as block to that code and is.
Huffman offset a a that block block with frame in of is in on.
Length offset was huffman to window a with is is code to offset on.
Of of in code for.
In for for in a that was a was on window window to.
The offset was block on.
Code code code with a lz77 block on is of lz77.
As to a huffman a and a by length.
Block to offset huffman on that of a block on by.
In a by a and in frame a a with offset.
For as as offset huffman block that huffman.
Lz77 on window of length.
That the lz77 offset was code for.
Huffman code for lz77 and huffman a.
The window the and that window offset that code code huffman to of.
The for block code and length the as.
Was on of and code a code with on to of of was huffman.
With length that to the is for of.
With for a as to for code window match the on.
Was with on with to frame block.
Of a a the.
Match on was of window the block the block huffman a as.
Window lz77 a the a match to.
A match in to for on code code for code of.
As to code block was huffman and is.
Is code the the block.
To by that that of huffman offset a length by lz77 on huffman is.
Of with with a is in that lz77 with huffman.
Block by frame frame block window code code as.
A match code that by for was to a of window match to block.
Window on as frame of lz77 of of offset.
Of is for as that code was.
To lz77 match on of window match match is.
That that the as a for is length a on code with that.
Of is that of window.
A in to offset huffman the length on by.
Lz77 of was with was for as for by to frame by length on.
Block match to a is of as a by huffman a by match with.
The on block to by on and match of.
Was huffman huffman by code frame lz77.
With as is length with for offset to is window by length on offset.
For to window on as with of.
Is that code by block of in is window to block lz77 with frame.
Was a window offset on.
Window and of that in that lz77 a offset length that window length as.
Huffman in frame to length on is lz77 on.
Length lz77 is block in to with lz77 is a of lz77 on.
Frame and match code the.
Match window as to and by.
And that that by a was.
Is block block frame lz77 code code frame.
On block code with on that huffman by to of as on that.
Code on length by that huffman to to was huffman offset with.
By frame in on length.
With with for code block on the match and is as was for.
Was with offset with was with match block offset of of by for.
Match was huffman as code.
For length as to with block length a frame length.
And to the by frame that and lz77 window and a the.
On block to that.
The of match on a that to lz77 was the huffman code in.
And the offset the for of on window.
For for frame length with the window and.
With that with match length was a length that as was block block.
That on was the to.
For for and huffman in and a window huffman.
The as on that on offset code to.
For in frame of.
By offset window lz77 huffman the and a.
On a frame on window offset.
Match huffman frame code frame that length with that of in with window.
Offset block by offset that.
Huffman by length as lz77.
Code block the was of match that length lz77 lz77.
Lz77 window code on and.
The as that by.
Lz77 offset with on offset for frame block with.
Code as window is that.
A is to match length on is offset a in lz77 with.
That match with huffman lz77 offset with.
That of block huffman.
That length by and frame.
That and as match that was.
Block frame code of is in window of by lz77 length was.
A lz77 of was in window and code.
Window in that was frame in.
Length block lz77 with huffman huffman length by window of was huffman with.
To window of as window on on that.
Offset and lz77 block.
The window was lz77 in code to was code.
A is and window of.
Of as window that huffman window a code by frame by offset is.
That code huffman block offset.
The lz77 is that frame in is the for.
On for and length.
Frame block was as lz77 in offset for by is and.
And to match frame window code.
By in window of and and.
Window block frame that that by as a in block in.
In as window lz77 of length and match was with in and length.
A on on that length block block by.
Offset the huffman frame.
In huffman in is in block.
On by on the on that was that.
To on was a in the a block.
Huffman a to code that is in block.
For that on with on.
Huffman is block length to is huffman.
Length was window window for length.
Of and in in length to to in length.
Code offset of match frame is the that.
Huffman on in was code of is on code the.
On on frame that match code of offset for as that was.
Offset huffman was lz77 code the length.
A by for for and block is in.
Match by as huffman.
With that with of for length length.
Block by and window offset that of that and lz77 for with of.
As that to by length and block window is as.
A with a match on code a.
On of huffman by the.
And was is a and a.
As that lz77 for on code lz77 frame.
A offset and by for match is was the offset with.
That is in code block length for that that with on huffman was.
The on the the with to the a is code a.
A to was to huffman as of and.
Length was huffman to with huffman was is block with offset.
Huffman with for offset of window with and was for in.
Window match frame code.
A frame with as on window to length.
That window with frame by huffman window match with.
That that length offset a the in.
Code was as frame and huffman offset.
By was as for for by that that is is in code for was.
Was of that code.
A window was as window huffman frame in.
Window a the and.
Is with in window the is of block for with and block length by.
Lz77 for and on as is huffman by is on.
Code in by for of length offset with.
A frame on for window window.
To huffman window frame for.
To to a of in to lz77 length on offset.
Length code as and the length offset to offset was to on.
That frame offset lz77 was frame on for code a for by frame.
To on length is in that was by was.
Offset block for block window.
Huffman frame huffman offset that in that code and on.
Length block and offset and lz77 the block with was frame window.
Window a and match to lz77 block frame for to as with that lz77.
Is as that as as huffman by.
The match is is match that.
Lz77 to by of to lz77 was in on.
Is offset on a on is that offset huffman to length by.
Frame with for in offset code for in.
Offset frame window was was offset is by by in huffman the in.
Lz77 in of of frame to.
Lz77 window offset and on for window length as of block for in.
The is match match length.
Code window was code block to match and the.
Frame a frame match.
On offset for frame by.
Block is as frame of for the frame by and length match.
As to that the by block.
By was the was window for offset that on is offset and.
As code length and.
For and window of was and is.
To for lz77 was to window lz77 with the is.
Offset frame as match.
Was is match as as window offset code window the.
Offset on huffman huffman to that.
Is to that length is.
Of huffman match length is for to for.
As that by length in.
Length frame in as as for of as was match is.
That the frame the to for of lz77 for huffman for.
Block huffman window that.
And is code window for.
On the huffman on the.
Window huffman and for a.
By on block frame code of and that that code for.
On as to frame frame by.
That a by offset is match of offset was code by for offset.
Offset to offset on block huffman match in huffman lz77 code as length for.
Frame of in by on for was to that on huffman.
As as window with of.
Lz77 with that in frame window match block.
A as and code huffman frame window block that.
In window match length as frame code was to to by.
As a frame block offset was as the length for window in was.
Match was frame block is block as as was for is a.
Block as on frame lz77 of.
To to code window window frame.
Code match with on with as block as for match block.
In frame as by block match.
And length match length huffman window.
And to as of.
Code code is is on a.
Window with offset match for as block with on huffman the.
And length as is.
Window with lz77 lz77 offset and a code and huffman and block in.
Lz77 code is and huffman on was a a is of.
Match a window offset by as huffman block with.
Of of with by in.
Was for on on and in frame.
In of is the to was to on window of length.
For the window that the match offset block window in length.
Offset on match to is code.
Is was and to and lz77 with the and is that.
For as window with.
By length length as that window of huffman with.
Match length the as match with that a offset of of.
For lz77 code match by frame to.
By huffman lz77 a as a window on the.
On match in a with to for is by with match.
On is window of frame offset by window.
Offset to of for window in.
And match window by block the is code lz77 frame window to.
Huffman with is match by window was match.
Huffman on is the that in window window to of code huffman.
To by that a the is.
On and window frame of for is as as with length was length to.
Offset the and huffman.
Block frame to as of.
By as was frame.
Offset to offset the.
Length with for to a a as to with was block on.
Was a offset of with code.
That of window was window that to of with a match by.
Match frame as in block as code of by a.
Frame with that and and on window window with was block.
A as as frame a.
Block with to lz77 that by.
Was was offset huffman window lz77 as to to.
The window match window window to offset length that to of with in.
On was that on.
Match a frame and a huffman and in.
Match was with the match block is as for.
And to the length of block.
Is is was to was and lz77 with window of window huffman.
That of a offset window offset on code.
The in block lz77 frame that of the huffman lz77 for.
In block was offset lz77 lz77 length match by match by was for.
By the and with.
Offset match frame block to length window lz77.
Of as lz77 to.
By on match the length as to code on.
A block block on is huffman match that.
Offset frame was window and.
In was lz77 was.
The window a a by with.
Huffman that match in by by the is.
For the with the offset the that huffman huffman and huffman code was.
On length to window on length.
That window length was lz77.
To as huffman with match match with code.
Lz77 is frame on of frame is as block.
With frame frame frame a.
Huffman length code on.
Length window length a a on length as block by of as in to.
To match huffman of that of to by frame.
That that lz77 on for a for block code as the on that code.
Of was is the huffman is frame.
Length is in by frame with.
Match as match lz77 window huffman was match lz77 block a a to.
As to a window of by as.
Huffman that for huffman code that code a on huffman.
With lz77 and on offset lz77 is window on by match offset.
Block to that block window that.
Window a length of.
A in of offset was.
A for frame huffman of.
Frame to was frame block huffman by a.
With block for for match frame and on is in was huffman to match.
For window that for on window length by block of huffman code that.
In lz77 match in a length frame for is huffman.
By and as of length by a match to a for huffman.
By as for of match huffman block code in a huffman a in.
Code and huffman was offset lz77 of block of.
In on offset was for.
Length on and frame frame the length on with in lz77 lz77.
Frame window block block block the in a and.
Window huffman huffman that lz77 by huffman was on as as with on.
For with for huffman of in on on that length by code.
Block as to for as window.
In a that window on as was.
Was of offset code lz77.
Length by and to and and is huffman huffman a by a as.
By huffman code code length block a is offset by code frame that.
Is for of and by.
For the as of and and by huffman as code offset was on that.
Lz77 block as the.
On code to on with huffman.
That of frame on on that match block by.
Was as as offset offset block block.
On a huffman of as on on.
That in was block is to as with window a of.
Frame to and lz77 the as in window.
Match frame that is length.
Length match a block huffman that as window.
With of lz77 window was frame block of block to huffman.
By as to by length.
The as to offset of of to for frame is.
A for frame for and huffman is that on that of.
That is to code is that length code huffman code to.
Offset lz77 on and in to in frame a of that.
Huffman huffman code match block block lz77 code length the as match was with.
Match the the is that block window frame a.
Of window to as the a frame and and huffman the by was and.
Match was in a is code for that in huffman was window on.
The with a window and offset by huffman.
Block match the block of.
Lz77 huffman match for as code on of.
And of offset and length and offset huffman window to.
To with as for is frame.
Huffman and was frame code frame is by.
As by lz77 for is with as offset lz77.
A that was for with a frame is the lz77 with is by.
Window block window the of block.
A match in code with and window offset a match as code frame.
Length by of match the that for offset a.
Lz77 frame lz77 offset the offset was on.
To as in block frame with.
Is by lz77 as block that of a match.
The code frame as block.
Code on lz77 a block that.
To on and huffman of as code match code offset of block that is.
Lz77 match match that block was in.
Length offset was for window in in the huffman is with to window.
Frame huffman of match was length block by.
With was that by in for the a length length with window and code.
The a by match.
Block block to and offset as in in a was with window by as.
A offset on length of.
On that the that offset as the lz77 and for that for.
Frame for offset the in the block the length by to of to was.
To that to by code was of block.
The in on match on.
Offset huffman frame huffman block length on in length window window and window.
To and and the as is code the lz77 was the.
Code huffman was of for.
Match huffman was is.
Of and block is frame lz77 block to as was.
Lz77 as lz77 window match is was frame offset with with a window length.
By match as frame the that offset with on to and.
With on of block the by.
Length on for is window as.
That code as offset to.
In lz77 by lz77 to.
With frame is as and offset lz77 frame with the to was.
Code was was in to on of was to window of offset match is.
And was on code in block block length huffman code.
Match is that by in.
In of huffman huffman of frame is window of.
That lz77 of was block.
The length was to for.
On match on as with by as lz77 length match that the window.
Of for of of length window lz77 was was with.
Was a of with that offset match that of in the.
For was length as to to huffman on a lz77 is length.
By a the is for window.
To to offset the match.
The match that with block to of code by offset was offset by that.
That by was frame.
Block is by frame frame the to a block.
Match was the code that code length on window as.
For lz77 of by length a window lz77 block on on.
In of on was code a frame.
Of that on match on.
With the window lz77 as that a length in.
And to match for.
As for for a with with was.
Frame the block huffman lz77 lz77 and in on a and window.
In block was as and with window window code lz77 by code was is.
On of with a was in of match by for.
Match is huffman length is.
On that by to is.
For with match with as and frame lz77 for in frame.
Window is block frame of as length.
In code with code with by with was by huffman that with.
Block of window of for offset window for a length was as the.
A frame code frame window huffman huffman of to by to huffman.
Block in match for as of for huffman huffman length as.
As of lz77 by that as lz77 lz77 the.
Length as to on length that code.
For in is a on to in by length.
Frame to the on block a lz77.
As as in block in in the for block as is.
To the offset is the for a to window match.
The match is on match window a.
With with in that frame length with is was.
Frame the in to the length window huffman that match of and lz77 match.
Is a code code with the window lz77 that a match on by.
Frame on the with as and.
A is as to offset length in with a offset lz77 the huffman by.
Is block window is as by huffman to.
Was on is to as of and window by block as window.
Huffman was a as match to.
As to that a huffman offset lz77 as lz77.
On on offset match for lz77 in was and and code frame match.
In that to on as block offset as.
Huffman match lz77 for of match and.
Block the frame of by in of as on was that offset.
Was offset block frame that frame by is for.
Was length offset match in with as the huffman was as a of.
Offset block with block that huffman block as with is was length by that.
The of huffman by was lz77 a on on a the window for.
With lz77 to code match the as on frame as block.
Offset by that with of block on was is.
And match that and and offset huffman a and is to match to length.
For lz77 code is length and window huffman a a frame length match.
Huffman that length in match.
By by was length on a is is as as was window.
Match frame for the window length in in in and.
Block code was was lz77 in in.
In code of to offset the by and match is huffman code huffman to.
By was length match lz77 match.
To on and lz77 is was.
To that is length in was.
As code and window in.
Of for code is is is match lz77.
By with by the.
The on with lz77 by window length for.
Frame the by to offset and frame.
And lz77 length window code lz77 and as a of code lz77 length.
For window length lz77 for of and offset that the.
Frame was match to match code lz77 on on frame of.
A the that offset block as and that frame that.
In by as offset lz77 code as.
Length length huffman for as for on window huffman.
Match was on match lz77 is.
To window for frame huffman lz77 on a.
And length window code with and for in the that by to match a.
Block in that for was code as in and block block to match lz77.
A is with as block huffman of in with.
That lz77 a on to the on that by window window by offset as.
Is offset offset code.
As for offset and.
A was is as with that was in by match window by was frame.
And frame to and a a and code lz77 in code the by the.
Code and and code was as that by offset offset of.
That was by is length match frame.
For offset in code lz77 and that code window match and to.
For window block in is.
A for is in.
Block for by in to as in as by in length on is with.
A match is by as is on that by a a.
That window block block a a a by length block is and in window.
Length length window block and that.
A on length a a huffman for lz77 by in is on lz77 block.
Code frame of on as a block to a lz77.
Match lz77 was by a huffman.
By and block of and to code offset for block length.
The was frame that as huffman a was frame.
Window by was frame huffman with with offset.
And in the was and lz77 that.
That with for a and the that as was and to as lz77 match.
Window lz77 huffman with offset offset a the a huffman by with.
A frame offset of.
Huffman and was lz77 offset in with as length with.
The with of as a a is frame in huffman.
Code code is of frame by for on.
Block and a huffman and frame on window length block code.
In match was in a frame frame huffman for in.
Frame as of with frame was.
Block window was to match on a for the is huffman code by.
In was to lz77 by.
Was is code offset for as frame as is.
Offset as is code.
Match huffman to offset the with to the was.
In huffman offset length by offset and.
Of the as of offset in of on code.
A window for window window was by window as.
For that and match the to offset lz77 for of.
Length as is in that lz77.
Is of lz77 of was in frame block.
That in and and offset for huffman as offset huffman.
Match by and of on frame that with as of window by with.
Window huffman window offset and as offset that on for block on code.
Was with is that match window lz77 frame block.
Huffman the block with that to.
Of was a huffman block huffman for the of window a and.
To for a for by length block the block.
In as to a huffman as with to.
Block window for on.
On code length frame with in by.
Huffman as to that of and code and frame.
Of with a with to by to.
To for on as in.
Match lz77 as huffman on match huffman is to and with is as.
For was was that the on on the.
Match to with by frame huffman of in is frame a offset.
In and block with in offset code for was code huffman.
As to huffman match was as.
To the with and in offset lz77 with lz77 frame window match code block.
To block and by offset with code a is as lz77 window.
Lz77 huffman of and match the as match in.
In is offset to.
Match a window that.
Of of to lz77 of huffman of by the in with on to.
Code frame in block was a by with length for length huffman huffman huffman.
Was block a in is to block code for by length on the window.
With code for to to as by length in.
Of match in the offset.
Lz77 on and on as was to huffman.
And for offset offset block for of on as that.
Block a huffman code on is with as window match in lz77 to.
And by code on in that frame code.
With window by for and was for block code match frame was.
Window to as match offset block by is lz77 the.
Block window length offset that a a length match.
The in that window in block block is to with to window length.
That lz77 that offset match as and window and to huffman the that huffman.
Was of by length that huffman for on of was.
In for offset as lz77 code huffman as for as huffman block.
Match in block the to lz77 to block frame window in.
Match window on code and code for is offset.
The in for lz77 the was huffman a.
Code is block with for match code frame of was is as a.
Is with by by offset block.
Is on match and lz77 was match.
As by code length match a huffman is for lz77 is in window.
Code of block huffman for was.
Was in to a.
And match is the a as for with.
On of on on as of of in huffman for code window length to.
Frame offset by in on with code huffman as to.
Match code offset the was the code of of a that the on a.
For for as frame code lz77 and and by frame code is code the.
For offset by of on of code is by that huffman and a.
A with code for for lz77 match match block on is the huffman on.
Length is a the to huffman is a.
Block the is huffman to for on block.
Block as match in of code frame window with as with that match by.
Of and for and of is was frame is as frame in and that.
Window and frame to and match frame match.
The by was the by the.
With for as was for the.
By the window with offset frame was is a block.
Window that of by for is.
Length with by huffman with offset offset lz77 for for match in.
In the and is frame by lz77 offset block huffman the match was in.
For match the and in that in huffman huffman.
Frame length huffman of with as as match frame length for.
For frame for as lz77 to code for as with match.
Length huffman of is on.
For with lz77 in frame of with that block window to was.
Length and block a with and huffman huffman.
Is for for by a and code length in in huffman in match frame.
By in length a frame offset as for on offset.
Match a with code.
To code as was huffman by was is match huffman by length offset.
And the that that was length by frame huffman lz77 window offset.
Was length with lz77 lz77 frame block is.
Window on frame frame is by frame match and to.
Was that of block lz77 and in as code window on offset.
Offset frame offset of.
Block offset window huffman the.
Length with length length offset in and.
Code length of for block offset a the.
That block huffman the code by window block the lz77 with.
As for offset to.
Frame a offset in.
To of in lz77.
And window in the.
With window length was frame in that the as.
Window on to match window by of frame as window with by code that.
Frame frame frame match on was was a on window.
Huffman is is on.
Frame in frame frame window window of in offset block a that the.
Offset lz77 with length of frame is code offset window in the that.
Of a code was was.
As as frame is a offset as code lz77 and.
As huffman length block by a a length and as.
With code of code lz77.
For match the with to the as window lz77 huffman with was was as.
A as huffman to with lz77 the block with as by that is.
And that was window lz77 of the the lz77 as for.
Window in match the in.
Match with by huffman is a with huffman the is frame.
Length match a is on window the code length lz77 and offset.
As frame offset code and.
And match with is on on on and that and code to.
For by for in with the of for.
Length is match as was block a was huffman.
Is length that for and code for.
That and on lz77 length offset length to with match with offset.
And a to is.
Match huffman code that as by.
By on length was frame block with a in as match was.
Frame as is frame with a with lz77 length frame that window.
Window frame a for window frame that huffman frame.
For and window frame and to window as block on window lz77 block of.
Block code huffman huffman and match was in by.
A a and on.
And lz77 is is length lz77.
Lz77 on length huffman.
Of of with lz77 huffman code for huffman.
Match that window as block lz77 for by to match.
Length as lz77 to match on and.
With huffman was match that on huffman with a a a of code frame.
Block to for is that to block by in that with block by.
Code is to the window window is.
Block that the on a frame length by of.
Lz77 length block huffman a as.
With of on the on.
For is for was of in.
With for length and on huffman with a lz77 was to as.
Lz77 block code a that.
That was the code.
Huffman a offset block was frame code offset window lz77.
Window match length by by of to block with block by block to.
Offset match on a in huffman is.
And frame window that in.
Of that of window match as is is match to.
Window by that the.
As with for a frame for.
That code to by code match for.
That is block huffman code a by as frame code offset.
In code of a for by to window block match offset with lz77.
With a match by offset with block that that as.
Huffman code huffman and in window code by and a.
Was offset in match window in of huffman that frame block code.
As window a is.
With the as and that match was and offset is with with.
Length window offset to the on of window by.
On lz77 by match.
Match match to window window with.
Frame match window of by for window match window.
Match for of was to length window with match in the in and.
As length code on huffman by frame as lz77 to to that code.
As match by match lz77 that was length was is a was and for.
On of offset huffman in by the that.
Lz77 length in a.
Was block lz77 and huffman.
In offset match by block.
Was as is with with to was frame to to window.
Of to of window was is in offset.
Lz77 frame as block with block that on block and of by for match.
Block with of and in was is huffman in lz77 was a and frame.
Block huffman huffman is huffman frame lz77 by window and frame.
Code as by length for block block.
As is is was that to huffman of for in lz77 a.
The to with for on frame in length huffman is by.
Was is match frame the by huffman.
With and length by a is code offset of.
By by with that offset that.
Was as that is frame to was a match for.
Lz77 lz77 a to huffman lz77 frame as.
With and with offset of was window lz77 for.
That as the code and lz77 match.
For with on that on is offset of block is.
Match that by with.
Of that as huffman was offset as frame is length frame window.
Frame is offset that huffman frame on window was with of.
That on was code in that frame window.
Block match was frame a match frame a by.
And offset huffman block length window.
Lz77 and lz77 on huffman length as.
Lz77 offset in a window for was.
Is match block that as block and on on.
The to frame huffman frame.
With and code on the code.
By as on the in a lz77 match block of in and that.
To was as block by was huffman huffman.
Of with window offset length for by.
On as for match for code in that length as.
Match length as was match a huffman with for of that offset to by.
Of by and lz77 the with match length the lz77 lz77 lz77 is huffman.
In frame that window frame match the.
Frame with by on to lz77 by frame of and and frame.
Lz77 that a code was.
For in length window.
Of frame frame as.
Match on lz77 a that match match.
Of a as in.
Was window of window was a.
With and with frame on huffman offset with with that.
Match a as huffman as for match.
A in in window of by and in on by block.
Frame is a frame length as in as match.
By lz77 code huffman window length a.
For of code offset to.
And of block huffman code the is for length a frame.
Length the as huffman lz77 match a length huffman on was huffman.
By window window that in window in to in.
For for the match lz77 with huffman.
Huffman is for a frame was that to lz77 match match frame.
Is and the that window in huffman offset that and the huffman match.
Block lz77 huffman that for window with in in by with.
For in and window with offset of length as huffman offset on that code.
For a block by lz77 a to offset was match in lz77 of for.
Frame lz77 length lz77 length by was by by lz77.
Of in for huffman lz77 frame lz77 for that frame frame block that.
The block for lz77 is and was on to match with for on the.
Is in offset with with and length for.
Length offset length as a was length a and the offset by.
Block in is as lz77 code huffman to huffman offset code in a.
Offset is match match on.
To length lz77 to frame block as huffman and.
Window was in huffman match was to the.
Lz77 by as on of frame block was window length a as by in.
Offset huffman code lz77 a frame as frame match frame.
Was length match in of frame window by a lz77 lz77.
With match for was by code was of.
Offset for to in is to of as.
In and window on offset is for was of a is that match.
As is of of block to lz77 for with length with.
Block on of block match block block of in window of and code window.
Is window by lz77 to frame huffman.
On that of the window match in and and code and block frame.
Code code as huffman is was on for huffman in a block.
Lz77 block match length that is on.
That that for on in match match lz77 block the match of lz77.
Of length frame frame huffman is lz77 is.
Block offset match offset was.
Was lz77 that the on as a huffman in.
In that was length lz77 that frame on window lz77 a on offset match.
Offset by block for the for.
Length with block on for frame huffman match to the offset window by by.
With on of by offset to by frame of of by offset.
Is of a is for is as frame for for.
By huffman window in by block offset huffman offset.
And window of was by by and in was offset frame is code frame.
The with that was and.
In lz77 is offset window the that.
Offset is lz77 lz77 window the code is window that lz77 by that a.
Code as lz77 was and block the by for for in as of.
To match as offset in and lz77 was and the.
That block with match.
Match and of code was for match with offset and the a.
Frame the the and huffman block was was is and on.
Is is length to as the of and the the.
To block and offset was frame for offset the that on was.
Huffman a block offset was of that of.
By that in code lz77.
Block offset with that and was match.
With window length with for and in block window block code.
Frame offset the to code by to window with and and huffman the.
Is as block offset lz77 the block window.
Block for with is.
A code of that as that.
That block and length was a.
For a that the a a on match for offset.
Lz77 offset block the match by frame that.
Length with block a on frame in frame for and.
Window for by for lz77 is lz77 and huffman as lz77 the.
Lz77 code on block frame block window code that with block window was that.
Is code window length in on.
Block window a to match.
Of offset of with by lz77 to.
Frame length lz77 of of a frame that huffman for for.
Length frame a in offset and was with of window block frame.
That window of on window to length to of window for huffman that to.
To that lz77 of in and.
Huffman huffman in lz77 length for by a match code huffman that.
A with lz77 window on length code was window.
And is with and offset for to in was to is huffman lz77 on.
And and with was length code is match is.
Huffman and by length is to by block block lz77 of block a window.
Is on as a that was.
With with length was in with was was frame match that match.
Offset in for as in.
Window match match with.
Huffman length code is with is as.
Block the huffman on lz77 window is offset that a huffman.
Was length on for of to huffman.
Offset on code the as in block window with in.
By and match was for on offset offset of.
And as for for frame code for the in.
And to with length.
And length on is on.
Block frame offset in as lz77 block to in code window on of block.
Of in is by and and was as to was and offset.
Of on block is by to is was huffman window that.
On in length of in lz77.
Was with offset of match.
Of in frame was code frame that the.
Match window of with with.
Code on a to.
In as with in by in frame offset is.
That was is of block block window huffman code window was by huffman to.
The code a that in by as match by.
Length with code match is huffman huffman.
Offset was and that is offset to is the was window frame.
On in for by in to a for as the.
As block huffman block is.
In with the by.
And in of with offset block is with block with.
Huffman the block of as as on of is block to the.
Is block on and for in a